// Jest Snapshot v1, https://goo.gl/fbAQLP

exports[`Results component renders correctly with a different number value 1`] = `
<DocumentFragment>
  <div>
    0
  </div>
</DocumentFragment>
`;

exports[`Results component renders correctly with a number value 1`] = `
<DocumentFragment>
  <div>
    0
  </div>
</DocumentFragment>
`;
